// Vitest Snapshot v1, https://vitest.dev/guide/snapshot.html

exports[`renders the unsubscribes placeholder 1`] = `
<div>
  <section
    class="css-1ufao52"
  >
    <span
      aria-busy="true"
      aria-live="polite"
    >
      <span
        class="react-loading-skeleton"
        style="width: 300px; height: 24px;"
      >
        ‌
      </span>
      <br />
    </span>
    <div
      class="css-g1gnh4"
    />
    <span
      aria-busy="true"
      aria-live="polite"
    >
      <span
        class="react-loading-skeleton"
        style="height: 300px;"
      >
        ‌
      </span>
      <br />
    </span>
  </section>
</div>
`;
